Microchip MPLAB XC8 Compiler V2.46

Linker command line:

-W-3 \
  --edf=C:\Program Files\Microchip\xc8\v2.46\pic\dat\20240104201356_en.msgs \
  -cn -h+dist/default/production\code.production.sym \
  --cmf=dist/default/production\code.production.cmf -z -Q18F4620 \
  -oC:\Users\ah427\AppData\Local\Temp\xcAsa4.\driver_tmp_3.o \
  --defsym=__MPLAB_BUILD=1 --fixupoverflow=error \
  -Mdist/default/production/code.production.map \
  --md=C:\Users\ah427\AppData\Local\Temp\xcAsa4.\driver_tmp_0.dat -E1 \
  -ver=XC8 Compiler --acfsm=1493 -ACODE=00h-0FFFFh -ACONST=00h-0FFFFh \
  -ASMALLCONST=01000h-010FFhx240 -AMEDIUMCONST=01000h-0FFFFh \
  -ACOMRAM=01h-07Fh -AABS1=00h-0F7Fh -ABIGRAM=01h-0F7Fh \
  -ARAM=080h-0FFh,0100h-01FFhx14,0F00h-0F7Fh -ABANK0=080h-0FFh \
  -ABANK1=0100h-01FFh -ABANK2=0200h-02FFh -ABANK3=0300h-03FFh \
  -ABANK4=0400h-04FFh -ABANK5=0500h-05FFh -ABANK6=0600h-06FFh \
  -ABANK7=0700h-07FFh -ABANK8=0800h-08FFh -ABANK9=0900h-09FFh \
  -ABANK10=0A00h-0AFFh -ABANK11=0B00h-0BFFh -ABANK12=0C00h-0CFFh \
  -ABANK13=0D00h-0DFFh -ABANK14=0E00h-0EFFh -ABANK15=0F00h-0F7Fh \
  -ASFR=0F80h-0FFFh -ABIGSFR=0F80h-0FFFh -ACONFIG=0300000h-030000Dh \
  -AIDLOC=0200000h-0200007h -AEEDATA=0F00000h-0F003FFh -peeprom_data=EEDATA \
  -preset_vec=00h,intcode=8h,intcodelo,powerup,init -pramtop=01000h \
  -psmallconst=SMALLCONST -pmediumconst=MEDIUMCONST -pconst=CONST \
  -AFARRAM=00h-00h \
  -prdata=COMRAM,nvrram=COMRAM,nvbit=COMRAM,rbss=COMRAM,rbit=COMRAM \
  -pfarbss=FARRAM,fardata=FARRAM,nvFARRAM=FARRAM \
  -pintsave_regs=BIGRAM,bigbss=BIGRAM,bigdata=BIGRAM -pbss=RAM \
  -pidata=CODE,irdata=CODE,ibigdata=CODE,ifardata=CODE -prparam=COMRAM \
  C:\Users\ah427\AppData\Local\Temp\xcAsa4.\driver_tmp_9.o \
  dist/default/production\code.production.o 

Object code version is 3.11

Machine type is 18F4620



                Name                               Link     Load   Length Selector   Space Scale
C:\Users\ah427\AppData\Local\Temp\xcAsa4.\driver_tmp_9.o
                config                           300004   300004        2        0       4
                init                                  E        E        4        4       0
                reset_vec                             0        0        4        0       0
dist/default/production\code.production.o
                intcode                               8        8        6        4       0
                config                           300004   300004        2        0       4
                temp                                 43       43        1        1       1
                smallconst                         1000     1000        2      800       0
                text14                             1254     1254       92      801       0
                text13                             1580     1580       18      AB4       0
                text12                             10DA     10DA       D8      801       0
                text11                             12E6     12E6       60      801       0
                text10                             1422     1422       44      801       0
                text9                              1512     1512       30      801       0
                intcode_body                       13DC     13DC       46      801       0
                text7                              1568     1568       18      AB4       0
                text6                              1002     1002       D8      801       0
                text5                              14DC     14DC       36      801       0
                text4                              1394     1394       48      801       0
                text3                              1346     1346       4E      801       0
                text2                              11B2     11B2       A2      801       0
                text1                              1598     1598        A      AB4       0
                text0                              1466     1466       3C      801       0
                cstackCOMRAM                         26       26       12        1       1
                dataCOMRAM                            1        1       25        1       1
                bssCOMRAM                            38       38        B        1       1
                cinit                              14A2     14A2       3A      801       0
                idataCOMRAM                        1542     1542       25      801       0

TOTAL           Name                               Link     Load   Length     Space
        CLASS   CODE           
                intcode                               8        8        6         0
                init                                  E        E        4         0
                reset_vec                             0        0        4         0
                text14                             1254     1254       92         0
                text13                             1580     1580       18         0
                text12                             10DA     10DA       D8         0
                text11                             12E6     12E6       60         0
                text10                             1422     1422       44         0
                text9                              1512     1512       30         0
                intcode_body                       13DC     13DC       46         0
                text7                              1568     1568       18         0
                text6                              1002     1002       D8         0
                text5                              14DC     14DC       36         0
                text4                              1394     1394       48         0
                text3                              1346     1346       4E         0
                text2                              11B2     11B2       A2         0
                text1                              1598     1598        A         0
                text0                              1466     1466       3C         0
                cinit                              14A2     14A2       3A         0
                idataCOMRAM                        1542     1542       25         0

        CLASS   CONST          

        CLASS   SMALLCONST     
                smallconst                         1000     1000        2         0

        CLASS   MEDIUMCONST    

        CLASS   COMRAM         
                temp                                 43       43        1         1
                cstackCOMRAM                         26       26       12         1
                dataCOMRAM                            1        1       25         1
                bssCOMRAM                            38       38        B         1

        CLASS   ABS1           

        CLASS   BIGRAM         

        CLASS   RAM            

        CLASS   BANK0          

        CLASS   BANK1          

        CLASS   BANK2          

        CLASS   BANK3          

        CLASS   BANK4          

        CLASS   BANK5          

        CLASS   BANK6          

        CLASS   BANK7          

        CLASS   BANK8          

        CLASS   BANK9          

        CLASS   BANK10         

        CLASS   BANK11         

        CLASS   BANK12         

        CLASS   BANK13         

        CLASS   BANK14         

        CLASS   BANK15         

        CLASS   SFR            

        CLASS   BIGSFR         

        CLASS   CONFIG         
                config                           300004   300004        2         4

        CLASS   IDLOC          

        CLASS   EEDATA         

        CLASS   FARRAM         

        CLASS   HEAP           

        CLASS   STACK          



SEGMENTS        Name                           Load    Length   Top    Selector   Space  Class

                reset_vec                      000000  000004  000004         0       0  CODE    
                dataCOMRAM                     000001  000043  000044         1       1  COMRAM  
                intcode                        000008  00000A  000012         4       0  CODE    
                smallconst                     001000  000002  001002       800       0  SMALLCON
                text6                          001002  000565  001567       801       0  CODE    
                text7                          001568  00003A  0015A2       AB4       0  CODE    


UNUSED ADDRESS RANGES

        Name                Unused          Largest block    Delta
        BANK0            000080-0000FF               80
        BANK1            000100-0001FF              100
        BANK10           000A00-000AFF              100
        BANK11           000B00-000BFF              100
        BANK12           000C00-000CFF              100
        BANK13           000D00-000DFF              100
        BANK14           000E00-000EFF              100
        BANK15           000F00-000F7F               80
        BANK2            000200-0002FF              100
        BANK3            000300-0003FF              100
        BANK4            000400-0004FF              100
        BANK5            000500-0005FF              100
        BANK6            000600-0006FF              100
        BANK7            000700-0007FF              100
        BANK8            000800-0008FF              100
        BANK9            000900-0009FF              100
        BIGRAM           000044-000F7F              F3C
        BIGSFR           000F80-000FFF               80
        CODE             000004-000007                4
                         000012-000FFF              FEE
                         001567-001567                1
                         0015A2-00FFFF             EA5E
        COMRAM           000044-00007F               3C
        CONFIG           300000-300003                4
                         300006-30000D                8
        CONST            000004-000007                4
                         000012-000FFF              FEE
                         001567-001567                1
                         0015A2-00FFFF             EA5E
        EEDATA           F00000-F003FF              400
        IDLOC            200000-200007                8
        MEDIUMCONST      001567-001567                1
                         0015A2-00FFFF             EA5E
        RAM              000080-000F7F              100
        SFR              000F80-000FFF               80
        SMALLCONST       001567-001567                1
                         0015A2-00FFFF              100

                                  Symbol Table

ADC_GetConversionResult@_adc                 cstackCOMRAM 000026
ADC_GetConversionResult@conversion_result    cstackCOMRAM 000027
ADC_GetConversion_Blocking@_adc              cstackCOMRAM 00002A
ADC_GetConversion_Blocking@_channel          cstackCOMRAM 00002B
ADC_GetConversion_Blocking@conversion_result cstackCOMRAM 00002C
ADC_Init@_adc                                cstackCOMRAM 000035
ADC_StartConversion@_adc                     cstackCOMRAM 000032
ADC_StartConversionInterrupt@_adc            cstackCOMRAM 000035
ADC_StartConversionInterrupt@_channel        cstackCOMRAM 000036
_ADCON0bits                                  (abs)        000FC2
_ADCON1bits                                  (abs)        000FC1
_ADCON2bits                                  (abs)        000FC0
_ADC_GetConversionResult                     text14       001254
_ADC_GetConversion_Blocking                  text11       0012E6
_ADC_Init                                    text2        0011B2
_ADC_StartConversion                         text7        001568
_ADC_StartConversionInterrupt                text5        0014DC
_ADRESH                                      (abs)        000FC4
_ADRESL                                      (abs)        000FC3
_INTCONbits                                  (abs)        000FF2
_ISR_ADC                                     text9        001512
_InterruptHandler                            bssCOMRAM    000038
_InterruptManagerHigh                        intcode      000008
_LATA                                        (abs)        000F89
_LATB                                        (abs)        000F8A
_LATC                                        (abs)        000F8B
_LATD                                        (abs)        000F8C
_LATE                                        (abs)        000F8D
_PIE1bits                                    (abs)        000F9D
_PIR1bits                                    (abs)        000F9E
_PORTA                                       (abs)        000F80
_PORTB                                       (abs)        000F81
_PORTC                                       (abs)        000F82
_PORTD                                       (abs)        000F83
_PORTE                                       (abs)        000F84
_TRISA                                       (abs)        000F92
_TRISB                                       (abs)        000F93
_TRISC                                       (abs)        000F94
_TRISD                                       (abs)        000F95
_TRISE                                       (abs)        000F96
__HRAM                                       (abs)        000000
__H__absolute__                              __absolute__ 000000
__Habs1                                      abs1         000000
__Hbank0                                     bank0        000000
__Hbank1                                     bank1        000000
__Hbank10                                    bank10       000000
__Hbank11                                    bank11       000000
__Hbank12                                    bank12       000000
__Hbank13                                    bank13       000000
__Hbank14                                    bank14       000000
__Hbank15                                    bank15       000000
__Hbank2                                     bank2        000000
__Hbank3                                     bank3        000000
__Hbank4                                     bank4        000000
__Hbank5                                     bank5        000000
__Hbank6                                     bank6        000000
__Hbank7                                     bank7        000000
__Hbank8                                     bank8        000000
__Hbank9                                     bank9        000000
__Hbigbss                                    bigbss       000000
__Hbigdata                                   bigdata      000000
__Hbigram                                    bigram       000000
__Hbigsfr                                    bigsfr       000000
__Hbss                                       bss          000000
__HbssCOMRAM                                 bssCOMRAM    000000
__Hcinit                                     cinit        000000
__Hclrtext                                   clrtext      000000
__Hcomram                                    comram       000000
__Hconfig                                    config       300006
__Hconst                                     const        000000
__HcstackCOMRAM                              cstackCOMRAM 000000
__Hdata                                      data         000000
__HdataCOMRAM                                dataCOMRAM   000000
__Heeprom_data                               eeprom_data  000000
__Hfarbss                                    farbss       000000
__Hfardata                                   fardata      000000
__Hheap                                      heap         000000
__Hibigdata                                  ibigdata     000000
__Hidata                                     idata        000000
__HidataCOMRAM                               idataCOMRAM  000000
__Hidloc                                     idloc        000000
__Hifardata                                  ifardata     000000
__Hinit                                      init         000012
__Hintcode                                   intcode      00000E
__Hintcode_body                              intcode_body 000000
__Hintcodelo                                 intcodelo    00000E
__Hintentry                                  intentry     000000
__Hintret                                    intret       000000
__Hintsave_regs                              intsave_regs 000000
__Hirdata                                    irdata       000000
__Hmediumconst                               mediumconst  000000
__HnvFARRAM                                  nvFARRAM     000000
__Hnvbit                                     nvbit        000000
__Hnvrram                                    nvrram       000000
__Hparam                                     rparam       000000
__Hpowerup                                   powerup      00000E
__Hram                                       ram          000000
__Hramtop                                    ramtop       001000
__Hrbit                                      rbit         000000
__Hrbss                                      rbss         000000
__Hrdata                                     rdata        000000
__Hreset_vec                                 reset_vec    000004
__Hrparam                                    rparam       000000
__Hsfr                                       sfr          000000
__Hsivt_hi                                   sivt_hi      000000
__Hsivt_lo                                   sivt_lo      000000
__Hsmallconst                                smallconst   001002
__Hspace_0                                   (abs)        0015A2
__Hspace_1                                   (abs)        000044
__Hspace_2                                   (abs)        000000
__Hspace_4                                   (abs)        60000A
__Hstack                                     stack        000000
__Hstruct                                    struct       000000
__Htemp                                      temp         000044
__Htext                                      text         000000
__Htext0                                     text0        000000
__Htext1                                     text1        000000
__Htext10                                    text10       000000
__Htext11                                    text11       000000
__Htext12                                    text12       000000
__Htext13                                    text13       000000
__Htext14                                    text14       000000
__Htext2                                     text2        000000
__Htext3                                     text3        000000
__Htext4                                     text4        000000
__Htext5                                     text5        000000
__Htext6                                     text6        000000
__Htext7                                     text7        000000
__Htext9                                     text9        000000
__LRAM                                       (abs)        000001
__L__absolute__                              __absolute__ 000000
__Labs1                                      abs1         000000
__Lbank0                                     bank0        000000
__Lbank1                                     bank1        000000
__Lbank10                                    bank10       000000
__Lbank11                                    bank11       000000
__Lbank12                                    bank12       000000
__Lbank13                                    bank13       000000
__Lbank14                                    bank14       000000
__Lbank15                                    bank15       000000
__Lbank2                                     bank2        000000
__Lbank3                                     bank3        000000
__Lbank4                                     bank4        000000
__Lbank5                                     bank5        000000
__Lbank6                                     bank6        000000
__Lbank7                                     bank7        000000
__Lbank8                                     bank8        000000
__Lbank9                                     bank9        000000
__Lbigbss                                    bigbss       000000
__Lbigdata                                   bigdata      000000
__Lbigram                                    bigram       000000
__Lbigsfr                                    bigsfr       000000
__Lbss                                       bss          000000
__LbssCOMRAM                                 bssCOMRAM    000000
__Lcinit                                     cinit        000000
__Lclrtext                                   clrtext      000000
__Lcomram                                    comram       000000
__Lconfig                                    config       000000
__Lconst                                     const        000000
__LcstackCOMRAM                              cstackCOMRAM 000000
__Ldata                                      data         000000
__LdataCOMRAM                                dataCOMRAM   000000
__Leeprom_data                               eeprom_data  000000
__Lfarbss                                    farbss       000000
__Lfardata                                   fardata      000000
__Lheap                                      heap         000000
__Libigdata                                  ibigdata     000000
__Lidata                                     idata        000000
__LidataCOMRAM                               idataCOMRAM  000000
__Lidloc                                     idloc        000000
__Lifardata                                  ifardata     000000
__Linit                                      init         00000E
__Lintcode                                   intcode      000008
__Lintcode_body                              intcode_body 000000
__Lintcodelo                                 intcodelo    00000E
__Lintentry                                  intentry     000000
__Lintret                                    intret       000000
__Lintsave_regs                              intsave_regs 000000
__Lirdata                                    irdata       000000
__Lmediumconst                               mediumconst  000000
__LnvFARRAM                                  nvFARRAM     000000
__Lnvbit                                     nvbit        000000
__Lnvrram                                    nvrram       000000
__Lparam                                     rparam       000000
__Lpowerup                                   powerup      00000E
__Lram                                       ram          000000
__Lramtop                                    ramtop       001000
__Lrbit                                      rbit         000000
__Lrbss                                      rbss         000000
__Lrdata                                     rdata        000000
__Lreset_vec                                 reset_vec    000000
__Lrparam                                    rparam       000000
__Lsfr                                       sfr          000000
__Lsivt_hi                                   sivt_hi      000000
__Lsivt_lo                                   sivt_lo      000000
__Lsmallconst                                smallconst   001000
__Lspace_0                                   (abs)        000000
__Lspace_1                                   (abs)        000000
__Lspace_2                                   (abs)        000000
__Lspace_4                                   (abs)        000000
__Lstack                                     stack        000000
__Lstruct                                    struct       000000
__Ltemp                                      temp         000043
__Ltext                                      text         000000
__Ltext0                                     text0        000000
__Ltext1                                     text1        000000
__Ltext10                                    text10       000000
__Ltext11                                    text11       000000
__Ltext12                                    text12       000000
__Ltext13                                    text13       000000
__Ltext14                                    text14       000000
__Ltext2                                     text2        000000
__Ltext3                                     text3        000000
__Ltext4                                     text4        000000
__Ltext5                                     text5        000000
__Ltext6                                     text6        000000
__Ltext7                                     text7        000000
__Ltext9                                     text9        000000
__S0                                         (abs)        0015A2
__S1                                         (abs)        000044
__S4                                         (abs)        000000
__S5                                         (abs)        000000
___heap_hi                                   (abs)        000000
___heap_lo                                   (abs)        000000
___inthi_sp                                  stack        000000
___inthi_stack_hi                            stack        000000
___inthi_stack_lo                            stack        000000
___intlo_sp                                  stack        000000
___intlo_stack_hi                            stack        000000
___intlo_stack_lo                            stack        000000
___param_bank                                (abs)        000000
___rparam_used                               (abs)        000001
___sp                                        stack        000000
___stack_hi                                  stack        000000
___stack_lo                                  stack        000000
__accesstop                                  (abs)        000080
__activetblptr                               (abs)        000002
__end_of_ADC_GetConversionResult             text14       0012E6
__end_of_ADC_GetConversion_Blocking          text11       001346
__end_of_ADC_Init                            text2        001254
__end_of_ADC_StartConversion                 text7        001580
__end_of_ADC_StartConversionInterrupt        text5        001512
__end_of_ISR_ADC                             text9        001542
__end_of_InterruptManagerHigh                intcode_body 001422
__end_of__initialization                     cinit        0014CE
__end_of_adc_input_channel_port_configure    text6        0010DA
__end_of_adc_result_format                   text4        0013DC
__end_of_adc_voltage_reference               text3        001394
__end_of_app_adc                             text10       001466
__end_of_initialization                      text1        0015A2
__end_of_main                                text0        0014A2
__end_ofi2_ADC_StartConversion               text13       001598
__end_ofi2_adc_input_channel_port_configure  text12       0011B2
__initialization                             cinit        0014A2
__mediumconst                                mediumconst  000000
__pbssCOMRAM                                 bssCOMRAM    000038
__pcinit                                     cinit        0014A2
__pcstackCOMRAM                              cstackCOMRAM 000026
__pdataCOMRAM                                dataCOMRAM   000001
__pidataCOMRAM                               idataCOMRAM  001542
__pintcode                                   intcode      000008
__pintcode_body                              intcode_body 0013DC
__psmallconst                                smallconst   001000
__ptext0                                     text0        001466
__ptext1                                     text1        001598
__ptext10                                    text10       001422
__ptext11                                    text11       0012E6
__ptext12                                    text12       0010DA
__ptext13                                    text13       001580
__ptext14                                    text14       001254
__ptext2                                     text2        0011B2
__ptext3                                     text3        001346
__ptext4                                     text4        001394
__ptext5                                     text5        0014DC
__ptext6                                     text6        001002
__ptext7                                     text7        001568
__ptext9                                     text9        001512
__ramtop                                     ramtop       001000
__smallconst                                 smallconst   001000
_adc_1                                       dataCOMRAM   00001F
_adc_input_channel_port_configure            text6        001002
_adc_res1                                    bssCOMRAM    000041
_adc_res2                                    bssCOMRAM    00003F
_adc_res3                                    bssCOMRAM    00003D
_adc_res4                                    bssCOMRAM    00003B
_adc_result_format                           text4        001394
_adc_voltage_reference                       text3        001346
_app_adc                                     text10       001422
_flag_adc                                    bssCOMRAM    00003A
_initialization                              text1        001598
_lat_registers                               dataCOMRAM   000001
_main                                        text0        001466
_port_registers                              dataCOMRAM   00000B
_tris_registers                              dataCOMRAM   000015
adc_input_channel_port_configure@channel     cstackCOMRAM 000034
adc_result_format@_adc                       cstackCOMRAM 000032
adc_voltage_reference@_adc                   cstackCOMRAM 000032
btemp                                        temp         000043
end_of_initialization                        cinit        0014CE
i2ADC_StartConversion@_adc                   cstackCOMRAM 000026
i2_ADC_StartConversion                       text13       001580
i2_adc_input_channel_port_configure          text12       0010DA
i2adc_input_channel_port_configure@channel   cstackCOMRAM 000028
int$flags                                    temp         000043
int_func                                     intcode_body 0013DC
intlevel0                                    text         000000
intlevel1                                    text         000000
intlevel2                                    text         000000
intlevel3                                    text         000000
isa$std                                      (abs)        000001
isa$xinst                                    (abs)        000000
stackhi                                      (abs)        000000
stacklo                                      (abs)        000000
start                                        init         00000E
start_initialization                         cinit        0014A2
ttemp5                                       temp         000044
ttemp6                                       temp         000047
ttemp7                                       temp         00004B
wtemp8                                       temp         000044


MODULE INFORMATION

Module		Function		Class		Link	Load	Size
project.c
		_initialization		CODE           	1598	0000	10
		_main          		CODE           	1466	0000	60
		_app_adc       		CODE           	1422	0000	68

project.c estimated size: 138

shared
		i2_adc_input_channel_port_configure		CODE           	10DA	0000	216
		i2_ADC_StartConversion		CODE           	1580	0000	24
		__initialization		CODE           	14A2	0000	44

shared estimated size: 284

MCAL/INTERRUPT/manage_interrupt.c
		_InterruptManagerHigh		CODE           	0008	0000	76

MCAL/INTERRUPT/manage_interrupt.c estimated size: 76

MCAL/ADC/mcal_adc.c
		_ADC_StartConversionInterrupt		CODE           	14DC	0000	54
		_adc_input_channel_port_configure		CODE           	1002	0000	216
		_ADC_GetConversion_Blocking		CODE           	12E6	0000	96
		_ADC_GetConversionResult		CODE           	1254	0000	146
		_adc_result_format		CODE           	1394	0000	72
		_adc_voltage_reference		CODE           	1346	0000	78
		_ADC_StartConversion		CODE           	1568	0000	24
		_ADC_Init      		CODE           	11B2	0000	162
		_ISR_ADC       		CODE           	1512	0000	48

MCAL/ADC/mcal_adc.c estimated size: 896

